../Drivers/CMSIS/Include/core_cm4.h:2064:26:ITM_SendChar	16	static,ignoring_inline_asm
../Core/Src/main.c:26:20:Servo_WriteUS	16	static
../Core/Src/main.c:46:10:Steering_ToUS	24	static
../Core/Src/main.c:86:6:process_command	152	static
../Core/Src/main.c:177:6:HAL_TIM_IC_CaptureCallback	16	static
../Core/Src/main.c:185:6:HAL_GPIO_EXTI_Callback	16	static
../Core/Src/main.c:208:6:MotorDrive_enable	8	static
../Core/Src/main.c:217:6:Motor_stop	4	static
../Core/Src/main.c:226:6:Motor_direction	16	static
../Core/Src/main.c:342:6:Motor_forward	16	static
../Core/Src/main.c:353:6:Motor_reverse	16	static
../Core/Src/main.c:367:6:serial_uart	8	static
../Core/Src/main.c:427:5:_write	32	static
../Core/Src/main.c:441:24:tim_arr	16	static
../Core/Src/main.c:446:23:left_ticks	16	static
../Core/Src/main.c:454:23:right_ticks	16	static
../Core/Src/main.c:461:20:reset_encoders	8	static
../Core/Src/main.c:470:14:cm_travelled	16	static
../Core/Src/main.c:480:17:adc_read_channel	40	static
../Core/Src/main.c:526:13:ICM20948_SelectBank	32	static
../Core/Src/main.c:532:13:ICM20948_WriteReg	32	static
../Core/Src/main.c:539:13:ICM20948_ReadRegs	24	static
../Core/Src/main.c:547:26:icm_read_raw	32	static
../Core/Src/main.c:557:5:ICM20948_Detect	16	static
../Core/Src/main.c:575:5:ICM20948_Init	16	static
../Core/Src/main.c:599:6:ICM20948_ReadRaw	40	static
../Core/Src/main.c:614:7:calibrate_gyro_bias	48	static
../Core/Src/main.c:628:10:HCSR04_Read	32	static
../Core/Src/main.c:682:6:Drive_Straight_ToCM	56	static
../Core/Src/main.c:722:6:Drive_Forward_Until_Obstacle	24	static
../Core/Src/main.c:774:6:Update_Yaw	56	static
../Core/Src/main.c:808:10:Servo_SetAngle_Safe	24	static
../Core/Src/main.c:848:6:Rotate_Angle	80	static
../Core/Src/main.c:928:6:Continuous_Complex_Obstacle_Avoidance	24	static
../Core/Src/main.c:990:5:main	64	static
../Core/Src/main.c:1293:6:SystemClock_Config	88	static
../Core/Src/main.c:1339:13:MX_ADC1_Init	24	static
../Core/Src/main.c:1391:13:MX_I2C2_Init	8	static
../Core/Src/main.c:1425:13:MX_TIM1_Init	96	static
../Core/Src/main.c:1513:13:MX_TIM2_Init	56	static
../Core/Src/main.c:1563:13:MX_TIM3_Init	64	static
../Core/Src/main.c:1622:13:MX_TIM4_Init	64	static
../Core/Src/main.c:1685:13:MX_TIM5_Init	56	static
../Core/Src/main.c:1735:13:MX_TIM8_Init	32	static
../Core/Src/main.c:1781:13:MX_TIM11_Init	40	static
../Core/Src/main.c:1826:13:MX_TIM12_Init	40	static
../Core/Src/main.c:1868:13:MX_USART2_UART_Init	8	static
../Core/Src/main.c:1901:13:MX_USART3_UART_Init	8	static
../Core/Src/main.c:1934:13:MX_GPIO_Init	56	static
../Core/Src/main.c:2032:6:Error_Handler	4	static,ignoring_inline_asm
